PHASE baseline-riwork-scroll
frame duration: 44.2805ms
frame duration: 33.520458ms
frame duration: 29.644792ms
frame duration: 29.618167ms
frame duration: 29.798542ms
frame duration: 29.671875ms
frame duration: 29.768458ms
frame duration: 29.797792ms
frame duration: 30.359625ms
frame duration: 30.169666ms
frame duration: 30.580667ms
frame duration: 31.494ms
frame duration: 31.833291ms
frame duration: 31.337166ms
frame duration: 32.184417ms
frame duration: 31.334042ms
frame duration: 32.212792ms
frame duration: 33.582625ms
frame duration: 33.023375ms
frame duration: 32.655375ms
frame duration: 32.882875ms
frame duration: 33.882083ms
frame duration: 34.309ms
frame duration: 34.471417ms
frame duration: 35.111417ms
frame duration: 34.929416ms
frame duration: 35.45125ms
frame duration: 36.724583ms
frame duration: 36.540916ms
frame duration: 36.627417ms
frame duration: 36.587584ms
frame duration: 36.559083ms
frame duration: 47.531583ms
frame duration: 53.197ms
frame duration: 36.895792ms
frame duration: 36.679791ms
frame duration: 36.485333ms
frame duration: 36.722209ms
frame duration: 37.707125ms
frame duration: 39.675792ms
frame duration: 39.093833ms
frame duration: 39.423042ms
frame duration: 39.026833ms
frame duration: 39.022709ms
frame duration: 39.341833ms
frame duration: 40.734667ms
frame duration: 43.261166ms
frame duration: 42.871958ms
frame duration: 42.644333ms
frame duration: 43.423334ms
frame duration: 42.738875ms
frame duration: 43.436208ms
frame duration: 44.852125ms
frame duration: 47.855958ms
frame duration: 47.482042ms
frame duration: 47.788084ms
frame duration: 47.64825ms
frame duration: 47.764542ms
frame duration: 83.941334ms
frame duration: 59.094667ms
PHASE baseline-native-scroll-repeat
frame duration: 54.946042ms
frame duration: 36.835541ms
frame duration: 36.425333ms
frame duration: 37.976875ms
frame duration: 38.258375ms
frame duration: 38.02125ms
frame duration: 38.272875ms
frame duration: 38.097084ms
frame duration: 39.283708ms
frame duration: 39.920833ms
frame duration: 40.020541ms
frame duration: 40.6375ms
frame duration: 42.820416ms
frame duration: 42.608583ms
frame duration: 42.488666ms
frame duration: 43.042208ms
frame duration: 45.979667ms
frame duration: 45.940459ms
frame duration: 46.05375ms
frame duration: 45.985084ms
frame duration: 46.558ms
frame duration: 50.489959ms
frame duration: 50.28975ms
frame duration: 50.20475ms
frame duration: 51.554416ms
frame duration: 57.092041ms
frame duration: 38.237875ms
frame duration: 38.104666ms
frame duration: 38.06025ms
frame duration: 38.06825ms
frame duration: 37.967791ms
frame duration: 38.139875ms
frame duration: 37.799167ms
frame duration: 37.755042ms
frame duration: 39.591792ms
frame duration: 39.7425ms
frame duration: 40.237166ms
frame duration: 40.151291ms
frame duration: 40.372042ms
frame duration: 39.998459ms
frame duration: 40.533833ms
frame duration: 40.670667ms
frame duration: 43.003875ms
frame duration: 42.58575ms
frame duration: 42.564083ms
frame duration: 42.607083ms
frame duration: 42.428542ms
frame duration: 42.780583ms
frame duration: 42.882ms
frame duration: 41.211083ms
frame duration: 48.508833ms
PHASE baseline-native-idle-repeat
frame duration: 46.644125ms
frame duration: 48.0065ms
frame duration: 42.174917ms
frame duration: 45.708875ms
PHASE baseline-native-chat-scroll
frame duration: 4.011875ms
frame duration: 10.949625ms
frame duration: 4.309ms
frame duration: 4.271208ms
frame duration: 4.045667ms
frame duration: 4.311875ms
frame duration: 3.862333ms
frame duration: 4.025958ms
frame duration: 4.124833ms
frame duration: 3.953583ms
frame duration: 4.2845ms
frame duration: 4.334334ms
frame duration: 3.989417ms
frame duration: 3.936042ms
frame duration: 4.328541ms
frame duration: 3.863875ms
frame duration: 3.724ms
frame duration: 4.322208ms
frame duration: 5.1595ms
frame duration: 4.088542ms
frame duration: 4.108583ms
frame duration: 4.186833ms
frame duration: 4.034083ms
frame duration: 4.133ms
frame duration: 3.967958ms
frame duration: 4.035667ms
frame duration: 4.335583ms
frame duration: 4.001875ms
frame duration: 4.287333ms
frame duration: 1.886875ms
frame duration: 1.811708ms
frame duration: 4.162916ms
frame duration: 4.273167ms
frame duration: 4.670792ms
frame duration: 4.125166ms
frame duration: 3.955ms
frame duration: 4.136041ms
frame duration: 3.798542ms
frame duration: 3.980625ms
frame duration: 4.037042ms
frame duration: 3.998042ms
frame duration: 4.17175ms
frame duration: 4.417916ms
frame duration: 4.092333ms
frame duration: 4.000125ms
frame duration: 3.964125ms
frame duration: 5.46ms
frame duration: 4.178167ms
frame duration: 4.155958ms
frame duration: 3.935375ms
frame duration: 4.104125ms
frame duration: 4.160667ms
frame duration: 3.842375ms
frame duration: 4.191666ms
frame duration: 4.066ms
frame duration: 4.149417ms
frame duration: 4.109084ms
frame duration: 4.053458ms
frame duration: 4.084166ms
frame duration: 3.955583ms
frame duration: 3.950417ms
frame duration: 3.773291ms
PHASE baseline-riwork-chat-scroll
frame duration: 4.349458ms
frame duration: 11.309ms
frame duration: 4.28025ms
frame duration: 4.536667ms
frame duration: 4.35775ms
frame duration: 4.328708ms
frame duration: 5.608583ms
frame duration: 3.989625ms
frame duration: 5.23525ms
frame duration: 4.54825ms
frame duration: 4.032292ms
frame duration: 4.146167ms
frame duration: 5.459708ms
frame duration: 3.852667ms
frame duration: 4.053375ms
frame duration: 4.446583ms
frame duration: 4.615291ms
frame duration: 4.2715ms
frame duration: 4.17875ms
frame duration: 4.77325ms
frame duration: 3.8195ms
frame duration: 6.042542ms
frame duration: 4.380625ms
frame duration: 1.873125ms
frame duration: 1.75075ms
frame duration: 1.904792ms
frame duration: 1.850959ms
frame duration: 1.996958ms
frame duration: 4.293916ms
frame duration: 5.316958ms
frame duration: 4.404167ms
frame duration: 4.742792ms
frame duration: 4.729541ms
frame duration: 4.563583ms
frame duration: 4.090958ms
frame duration: 4.052375ms
frame duration: 4.102417ms
frame duration: 4.403041ms
frame duration: 7.614125ms
frame duration: 4.606875ms
frame duration: 4.546042ms
frame duration: 4.307709ms
frame duration: 4.543333ms
frame duration: 4.329666ms
frame duration: 4.406417ms
frame duration: 4.202708ms
frame duration: 3.800792ms
frame duration: 4.219541ms
frame duration: 4.119917ms
frame duration: 4.507625ms
frame duration: 4.220167ms
frame duration: 3.977ms
frame duration: 4.084875ms
frame duration: 4.093834ms
frame duration: 5.018291ms
frame duration: 4.267208ms
frame duration: 4.470875ms
frame duration: 4.359916ms
frame duration: 4.397125ms
frame duration: 3.99275ms
frame duration: 4.549125ms
frame duration: 3.848583ms
frame duration: 2.076333ms
frame duration: 2.000583ms
frame duration: 1.888542ms
frame duration: 4.138583ms
PHASE final-native-settings-scroll
frame duration: 3.27325ms
frame duration: 32.843167ms
frame duration: 16.848333ms
frame duration: 19.702083ms
frame duration: 14.530583ms
frame duration: 14.323333ms
frame duration: 14.902458ms
frame duration: 14.783667ms
frame duration: 14.886375ms
frame duration: 14.701833ms
frame duration: 14.902292ms
frame duration: 14.871958ms
frame duration: 14.737917ms
frame duration: 14.555541ms
frame duration: 14.856708ms
frame duration: 14.422375ms
frame duration: 14.8115ms
frame duration: 14.600458ms
frame duration: 14.40125ms
frame duration: 14.540333ms
frame duration: 14.562041ms
frame duration: 14.559ms
frame duration: 14.421084ms
frame duration: 14.639959ms
frame duration: 14.855792ms
frame duration: 14.551625ms
frame duration: 14.677541ms
frame duration: 14.586ms
frame duration: 14.521958ms
frame duration: 14.622541ms
frame duration: 14.634583ms
frame duration: 3.721416ms
frame duration: 31.921ms
frame duration: 17.926666ms
frame duration: 19.642709ms
frame duration: 19.673083ms
frame duration: 14.954333ms
frame duration: 14.590292ms
frame duration: 14.590958ms
frame duration: 14.9375ms
frame duration: 14.95475ms
frame duration: 14.561459ms
frame duration: 14.583ms
frame duration: 14.675833ms
frame duration: 14.72325ms
frame duration: 14.652ms
frame duration: 14.820083ms
frame duration: 14.727583ms
frame duration: 14.758542ms
frame duration: 14.501042ms
frame duration: 14.515ms
frame duration: 14.167791ms
frame duration: 14.629959ms
frame duration: 14.555541ms
frame duration: 14.476ms
frame duration: 14.513917ms
frame duration: 14.639209ms
frame duration: 14.492834ms
frame duration: 14.606666ms
frame duration: 14.625917ms
frame duration: 14.729375ms
frame duration: 14.525166ms
frame duration: 14.632084ms
frame duration: 3.659084ms
frame duration: 3.355291ms
PHASE final-native-idle
frame duration: 3.593667ms
frame duration: 3.424375ms
frame duration: 2.443583ms
frame duration: 3.40275ms
frame duration: 3.37225ms
frame duration: 3.410041ms
PHASE final-riwork-settings-scroll
frame duration: 30.604875ms
frame duration: 19.912708ms
frame duration: 19.425375ms
frame duration: 14.528875ms
frame duration: 14.699042ms
frame duration: 14.24725ms
frame duration: 14.405084ms
frame duration: 14.345708ms
frame duration: 14.496292ms
frame duration: 14.574208ms
frame duration: 15.133042ms
frame duration: 14.543833ms
frame duration: 30.698792ms
frame duration: 19.619333ms
frame duration: 14.801458ms
frame duration: 14.646334ms
frame duration: 14.552875ms
frame duration: 14.382084ms
frame duration: 14.2645ms
frame duration: 14.5865ms
frame duration: 14.819709ms
frame duration: 14.676667ms
frame duration: 14.865625ms
frame duration: 14.91725ms
frame duration: 14.8535ms
frame duration: 14.908667ms
frame duration: 15.39025ms
frame duration: 15.540875ms
frame duration: 15.326708ms
frame duration: 15.318291ms
frame duration: 15.298083ms
frame duration: 3.856042ms
frame duration: 10.461334ms
frame duration: 3.082084ms
frame duration: 20.958375ms
frame duration: 27.158333ms
frame duration: 18.895666ms
frame duration: 14.698625ms
frame duration: 14.739416ms
frame duration: 14.760541ms
frame duration: 14.504542ms
frame duration: 14.340042ms
frame duration: 14.563959ms
frame duration: 14.6395ms
frame duration: 14.508291ms
frame duration: 14.577083ms
frame duration: 14.898291ms
frame duration: 14.954083ms
frame duration: 14.75175ms
frame duration: 14.703084ms
frame duration: 15.246917ms
frame duration: 15.083041ms
frame duration: 15.253959ms
frame duration: 14.866542ms
frame duration: 14.882542ms
frame duration: 14.810041ms
frame duration: 15.153875ms
frame duration: 15.123292ms
frame duration: 15.386041ms
frame duration: 15.277833ms
frame duration: 15.388625ms
frame duration: 15.21575ms
frame duration: 15.12075ms
frame duration: 15.351083ms
frame duration: 15.352375ms
frame duration: 2.786ms
